Precession J2000 -> J2015
RA  +0.0000000000000000 -> +0.0033543649473764
Dec -0.0000000000000000 -> +0.0014575063671504
RA  +1.0000000000000000 -> +1.0014450289313686
Dec -1.0000000000000000 -> -0.9992134064184917
RA  +2.0000000000000000 -> +5.1478363700948195
Dec -2.0000000000000000 -> -1.1409819639181964
RA  +3.0000000000000000 -> +6.1449758360061262
Dec -3.0000000000000000 -> -0.1401493826857086
RA  +4.0000000000000000 -> +0.8630426367929015
Dec -4.0000000000000000 -> +0.8593574646184613
RA  +5.0000000000000000 -> +4.9986250865903390
Dec -5.0000000000000000 -> +1.2835978054231891
RA  +6.0000000000000000 -> +6.0032362075042789
Dec -6.0000000000000000 -> +0.2845854258344847

Pluto discontinuity when Chapront (1995) ends on 2247/10/1
RA = 16:52:53.80
RA = 11:52:36.32
